
> btw-wh-server@1.0.0 test
> vitest src/modules/zones/controllers/__tests__/getZoneById.test.ts


 RUN  v3.2.4 D:/GitHub/btw-wh-server

stdout | src/modules/zones/controllers/__tests__/getZoneById.test.ts
Connected to MongoDB Memory Server (replica set) for tests

node.exe : stderr | src/modules/zones/controllers/__tests__/getZoneById.test.ts
C:\Program Files\nodejs\npm.ps1:29 знак:3
+   & $NODE_EXE $NPM_CLI_JS $args
+   ~~~~~~~~~~~~~~~~~~~~~~~~~~~~~
    + CategoryInfo          : NotSpecified: (stderr | src/mo...oneById.test.ts:String) [], RemoteException
    + FullyQualifiedErrorId : NativeCommandError
 
Error: read ECONNRESET
    at TCP.onStreamRead (node:internal/stream_base_commons:216:20) {
  errno: -4077,
  code: 'ECONNRESET',
  syscall: 'read'
}

stdout | src/modules/zones/controllers/__tests__/getZoneById.test.ts
Disconnected from MongoDB Memory Server (replica set)

 тЭп src/modules/zones/controllers/__tests__/getZoneById.test.ts (11 tests | 4 failed) 1892ms
   тЬУ getZoneById Controller > should return zone by valid ObjectId 170ms
   тЬУ getZoneById Controller > should return 404 when zone not found 12ms
   ├Ч getZoneById Controller > should return 400 for invalid ObjectId format 16ms
     тЖТ expected 'Validation error' to be 'Invalid zone ID format' // Object.is equality
   ├Ч getZoneById Controller > should return 400 for empty id parameter 11ms
     тЖТ expected 'Validation error' to be 'Invalid zone ID format' // Object.is equality
   ├Ч getZoneById Controller > should return 400 for undefined id parameter 9ms
     тЖТ expected 'Validation error' to be 'Invalid zone ID format' // Object.is equality
   тЬУ getZoneById Controller > should return zone with all fields populated 15ms
   тЬУ getZoneById Controller > should return zone with different sector values 18ms
   тЬУ getZoneById Controller > should handle very long ObjectId 13ms
   ├Ч getZoneById Controller > should handle ObjectId with special characters 6ms
     тЖТ expected 'Validation error' to be 'Invalid zone ID format' // Object.is equality
   тЬУ getZoneById Controller > should return timestamps 12ms
   тЬУ getZoneById Controller > should handle zone with minimal required fields 14ms

тОптОптОптОптОптОптОп Failed Tests 4 тОптОптОптОптОптОптОп

 FAIL  src/modules/zones/controllers/__tests__/getZoneById.test.ts > getZoneById Controller > should return 400 for inv
alid ObjectId format
AssertionError: expected 'Validation error' to be 'Invalid zone ID format' // Object.is equality

Expected: "Invalid zone ID format"
Received: "Validation error"

 тЭп src/modules/zones/controllers/__tests__/getZoneById.test.ts:82:34
     80|     // Assert
     81|     expect(responseStatus.code).toBe(400);
     82|     expect(responseJson.message).toBe("Invalid zone ID format");
       |                                  ^
     83|   });
     84| 

тОптОптОптОптОптОптОптОптОптОптОптОптОптОптОптОптОптОптОптОптОптОптОптОп[1/4]тОп

 FAIL  src/modules/zones/controllers/__tests__/getZoneById.test.ts > getZoneById Controller > should return 400 for emp
ty id parameter
AssertionError: expected 'Validation error' to be 'Invalid zone ID format' // Object.is equality

Expected: "Invalid zone ID format"
Received: "Validation error"

 тЭп src/modules/zones/controllers/__tests__/getZoneById.test.ts:96:34
     94|     // Assert
     95|     expect(responseStatus.code).toBe(400);
     96|     expect(responseJson.message).toBe("Invalid zone ID format");
       |                                  ^
     97|   });
     98| 

тОптОптОптОптОптОптОптОптОптОптОптОптОптОптОптОптОптОптОптОптОптОптОптОп[2/4]тОп

 FAIL  src/modules/zones/controllers/__tests__/getZoneById.test.ts > getZoneById Controller > should return 400 for und
efined id parameter
AssertionError: expected 'Validation error' to be 'Invalid zone ID format' // Object.is equality

Expected: "Invalid zone ID format"
Received: "Validation error"

 тЭп src/modules/zones/controllers/__tests__/getZoneById.test.ts:110:34
    108|     // Assert
    109|     expect(responseStatus.code).toBe(400);
    110|     expect(responseJson.message).toBe("Invalid zone ID format");
       |                                  ^
    111|   });
    112| 

тОптОптОптОптОптОптОптОптОптОптОптОптОптОптОптОптОптОптОптОптОптОптОптОп[3/4]тОп

 FAIL  src/modules/zones/controllers/__tests__/getZoneById.test.ts > getZoneById Controller > should handle ObjectId wi
th special characters
AssertionError: expected 'Validation error' to be 'Invalid zone ID format' // Object.is equality

Expected: "Invalid zone ID format"
Received: "Validation error"

 тЭп src/modules/zones/controllers/__tests__/getZoneById.test.ts:189:34
    187|     // Assert
    188|     expect(responseStatus.code).toBe(400);
    189|     expect(responseJson.message).toBe("Invalid zone ID format");
       |                                  ^
    190|   });
    191| 

тОптОптОптОптОптОптОптОптОптОптОптОптОптОптОптОптОптОптОптОптОптОптОптОп[4/4]тОп


 Test Files  1 failed (1)
      Tests  4 failed | 7 passed (11)
   Start at  10:25:54
   Duration  3.01s (transform 109ms, setup 615ms, collect 60ms, tests 1.89s, environment 0ms, prepare 132ms)

